// Jest Snapshot v1, https://goo.gl/fbAQLP

exports[`TodoInputCreator component should match snapshot 1`] = `
<DocumentFragment>
  <input
    class="new-todo"
    placeholder="What needs to be done?"
    type="text"
    value=""
  />
</DocumentFragment>
`;
